Microsoft Windows [Version 10.0.14393]
(c) 2016 Microsoft Corporation. All rights reserved.

C:\chromeIt>C:

C:\chromeIt>cd ../

C:\>VsDevCmd.bat
**********************************************************************
** Visual Studio 2017 Developer Command Prompt v15.0.26228.9
** Copyright (c) 2017 Microsoft Corporation
**********************************************************************
[ERROR:typescript.bat] TypeScript was not added to PATH since a valid installation was not found
[ERROR:VsDevCmd.bat] *** VsDevCmd.bat encountered errors. Environment may be incomplete and/or incorrect. ***

C:\>C:

C:\>cd chromeIt/chromeitcompilable

C:\chromeIt\ChromeItCompilable>cl /EHsc /MD RazerChromaApplication.cpp ChromaSDKImpl.cpp
RazerChromaApplication.cpp
ChromaSDKImpl.cpp
Generating Code...
Microsoft (R) Incremental Linker Version 14.10.25017.0
Copyright (C) Microsoft Corporation.  All rights reserved.

/out:RazerChromaApplication.exe 
RazerChromaApplication.obj 
ChromaSDKImpl.obj 

C:\chromeIt\ChromeItCompilable>